../Core/Src/main.c:85:5:main	8	static
../Core/Src/main.c:152:6:SystemClock_Config	112	static
../Core/Src/main.c:197:13:MX_I2C1_Init	8	static
../Core/Src/main.c:245:13:MX_USART1_UART_Init	8	static
../Core/Src/main.c:280:13:MX_USART2_UART_Init	8	static
../Core/Src/main.c:315:13:MX_GPIO_Init	16	static
../Core/Src/main.c:334:19:HIDS_Read	48	static
../Core/Src/main.c:352:6:PADS_Init	32	static
../Core/Src/main.c:360:19:PADS_Read	48	static
../Core/Src/main.c:381:19:PDUS_Read	40	static
../Core/Src/main.c:400:6:Error_Handler	8	static,ignoring_inline_asm
