../Core/Src/main.c:86:5:main	8	static
../Core/Src/main.c:149:6:SystemClock_Config	112	static
../Core/Src/main.c:194:13:MX_I2C1_Init	8	static
../Core/Src/main.c:242:13:MX_USART1_UART_Init	8	static
../Core/Src/main.c:277:13:MX_USART2_UART_Init	8	static
../Core/Src/main.c:312:13:MX_GPIO_Init	16	static
../Core/Src/main.c:331:19:HIDS_Read	48	static
../Core/Src/main.c:349:6:PADS_Init	32	static
../Core/Src/main.c:357:19:PADS_Read	48	static
../Core/Src/main.c:378:19:PDUS_Read	40	static
../Core/Src/main.c:397:6:Error_Handler	8	static,ignoring_inline_asm
